C:/Program Files/Krita (x64)/bin/ffmpeg.exe -hide_banner -y -y -r 24 -start_number 0 -start_number_range 1 -i C:/Users/User/OneDrive/Escritorio/alien verde/defensa/fotograma_d%04d.png -vf scale=w=238:h=332:flags=bicubic -c:v libopenh264 -b:v 5000k C:/Users/User/OneDrive/Escritorio/alien verde/defensa/fotograma0000.mkv
=====================================================
Input #0, image2, from 'C:/Users/User/OneDrive/Escritorio/alien verde/defensa/fotograma_d%04d.png':
  Duration: 00:00:00.16, start: 0.000000, bitrate: N/A
  Stream #0:0: Video: png, rgba(pc), 238x331 [SAR 13779:13779 DAR 238:331], 25 fps, 25 tbr, 25 tbn, 25 tbc
Stream mapping:
  Stream #0:0 -> #0:0 (png (native) -> h264 (libopenh264))
Press [q] to stop, [?] for help
[libopenh264 @ 000002447b197640] Slice count will be set automatically
[libopenh264 @ 000002447b197640] [OpenH264] this = 0x000002447B1999E0, Warning:bEnableFrameSkip = 0,bitrate can't be controlled for RC_QUALITY_MODE,RC_BITRATE_MODE and RC_TIMESTAMP_MODE without enabling skip frame.
Output #0, matroska, to 'C:/Users/User/OneDrive/Escritorio/alien verde/defensa/fotograma0000.mkv':
  Metadata:
    encoder         : Lavf58.76.100
  Stream #0:0: Video: h264 (H264 / 0x34363248), yuv420p(tv, progressive), 238x332 [SAR 332:331 DAR 238:331], q=2-31, 5000 kb/s, 24 fps, 1k tbn
    Metadata:
      encoder         : Lavc58.134.100 libopenh264
    Side data:
      cpb: bitrate max/min/avg: 5000000/0/5000000 buffer size: 0 vbv_delay: N/A
frame=    1 fps=0.0 q=-0.0 size=       1kB time=00:00:00.00 bitrate=4912.0kbits/s speed=0.919x    frame=    4 fps=0.0 q=-0.0 Lsize=      35kB time=00:00:00.12 bitrate=2304.8kbits/s speed=1.33x    
video:35kB audio:0kB subtitle:0kB other streams:0kB global headers:0kB muxing overhead: 1.929017%
